#! /c/Source/iverilog-install/bin/vvp
:ivl_version "12.0 (devel)" "(s20150603-1110-g18392a46)";
:ivl_delay_selection "TYPICAL";
:vpi_time_precision - 12;
:vpi_module "C:\iverilog\lib\ivl\system.vpi";
:vpi_module "C:\iverilog\lib\ivl\vhdl_sys.vpi";
:vpi_module "C:\iverilog\lib\ivl\vhdl_textio.vpi";
:vpi_module "C:\iverilog\lib\ivl\v2005_math.vpi";
:vpi_module "C:\iverilog\lib\ivl\va_math.vpi";
S_00000196032c84b0 .scope module, "tb_advanced" "tb_advanced" 2 3;
 .timescale -9 -12;
v000001960332a740_0 .net "ack", 0 0, v0000019603327b60_0;  1 drivers
v000001960332a100_0 .var "addr", 31 0;
v0000019603329200_0 .var "clk", 0 0;
v0000019603328bc0_0 .var "cyc", 0 0;
v0000019603328ee0_0 .var "dat", 31 0;
v00000196033293e0_0 .net "irq", 2 0, v0000019603327340_0;  1 drivers
v0000019603329520_0 .var "rst", 0 0;
v00000196033297a0_0 .var "we", 0 0;
S_00000196032c39f0 .scope module, "uut" "user_proj_example" 2 11, 3 9 0, S_00000196032c84b0;
 .timescale 0 0;
    .port_info 0 /INPUT 1 "wb_clk_i";
    .port_info 1 /INPUT 1 "wb_rst_i";
    .port_info 2 /INPUT 1 "wbs_stb_i";
    .port_info 3 /INPUT 1 "wbs_cyc_i";
    .port_info 4 /INPUT 1 "wbs_we_i";
    .port_info 5 /INPUT 4 "wbs_sel_i";
    .port_info 6 /INPUT 32 "wbs_dat_i";
    .port_info 7 /INPUT 32 "wbs_adr_i";
    .port_info 8 /OUTPUT 1 "wbs_ack_o";
    .port_info 9 /OUTPUT 32 "wbs_dat_o";
    .port_info 10 /INPUT 128 "la_data_in";
    .port_info 11 /OUTPUT 128 "la_data_out";
    .port_info 12 /INPUT 128 "la_oenb";
    .port_info 13 /INPUT 16 "io_in";
    .port_info 14 /OUTPUT 16 "io_out";
    .port_info 15 /OUTPUT 16 "io_oeb";
    .port_info 16 /OUTPUT 3 "irq";
P_00000196032b7fe0 .param/l "BITS" 0 3 10, +C4<00000000000000000000000000100000>;
L_00000196032b2ac0 .functor NOT 1, L_000001960332a420, C4<0>, C4<0>, C4<0>;
L_00000196032b29e0 .functor NOT 1, L_0000019603329840, C4<0>, C4<0>, C4<0>;
L_00000196032b2970 .functor AND 1, v0000019603328bc0_0, v0000019603328bc0_0, C4<1>, C4<1>;
L_00000196032b1e10 .functor BUFZ 32, v0000019603327ac0_0, C4<00000000000000000000000000000000>, C4<00000000000000000000000000000000>, C4<00000000000000000000000000000000>;
v00000196033264e0_0 .net *"_ivl_1", 0 0, L_000001960332a420;  1 drivers
v0000019603326120_0 .net *"_ivl_10", 0 0, L_00000196032b29e0;  1 drivers
v0000019603326bc0_0 .net *"_ivl_13", 0 0, L_0000019603329660;  1 drivers
v00000196033261c0_0 .net *"_ivl_2", 0 0, L_00000196032b2ac0;  1 drivers
v00000196033263a0_0 .net *"_ivl_5", 0 0, L_000001960332a240;  1 drivers
v0000019603326440_0 .net *"_ivl_9", 0 0, L_0000019603329840;  1 drivers
v0000019603326c60_0 .net "clk", 0 0, L_00000196033295c0;  1 drivers
o00000196032cb8c8 .functor BUFZ 16, C4<zzzzzzzzzzzzzzzz>; HiZ drive
v0000019603326260_0 .net "io_in", 15 0, o00000196032cb8c8;  0 drivers
L_000001960332a950 .functor BUFT 1, C4<1111111111111111>, C4<0>, C4<0>, C4<0>;
v0000019603326d00_0 .net "io_oeb", 15 0, L_000001960332a950;  1 drivers
L_000001960332a908 .functor BUFT 1, C4<0000000000000000>, C4<0>, C4<0>, C4<0>;
v0000019603326da0_0 .net "io_out", 15 0, L_000001960332a908;  1 drivers
v0000019603326e40_0 .net "irq", 2 0, v0000019603327340_0;  alias, 1 drivers
o00000196032cb958 .functor BUFZ 128, C4<zzzzzzzzzzzzzzzzzzzzzzzzzzzzzzzzzzzzzzzzzzzzzzzzzzzzzzzzzzzzzzzzzzzzzzzzzzzzzzzzzzzzzzzzzzzzzzzzzzzzzzzzzzzzzzzzzzzzzzzzzzzzzzzz>; HiZ drive
v0000019603326f80_0 .net "la_data_in", 127 0, o00000196032cb958;  0 drivers
L_000001960332a998 .functor BUFT 1, C4<00000000000000000000000000000000000000000000000000000000000000000000000000000000000000000000000000000000000000000000000000000000>, C4<0>, C4<0>, C4<0>;
v0000019603327020_0 .net "la_data_out", 127 0, L_000001960332a998;  1 drivers
L_000001960332ac68 .functor BUFT 1, C4<11111111111111111111111111111111111111111111111111111111111111111111111111111111111111111111111111111111111111111111111111111111>, C4<0>, C4<0>, C4<0>;
v0000019603327200_0 .net "la_oenb", 127 0, L_000001960332ac68;  1 drivers
v00000196033270c0_0 .net "rdata", 31 0, v0000019603327ac0_0;  1 drivers
v0000019603327700_0 .net "rst", 0 0, L_0000019603329fc0;  1 drivers
v00000196033272a0_0 .net "sensor_pin", 0 0, L_0000019603329b60;  1 drivers
v00000196033277a0_0 .net "valid", 0 0, L_00000196032b2970;  1 drivers
v0000019603329480_0 .net "wb_clk_i", 0 0, v0000019603329200_0;  1 drivers
v0000019603328e40_0 .net "wb_rst_i", 0 0, v0000019603329520_0;  1 drivers
v000001960332a600_0 .net "wbs_ack_o", 0 0, v0000019603327b60_0;  alias, 1 drivers
v0000019603329020_0 .net "wbs_adr_i", 31 0, v000001960332a100_0;  1 drivers
v0000019603329a20_0 .net "wbs_cyc_i", 0 0, v0000019603328bc0_0;  1 drivers
v0000019603328b20_0 .net "wbs_dat_i", 31 0, v0000019603328ee0_0;  1 drivers
v000001960332a6a0_0 .net "wbs_dat_o", 31 0, L_00000196032b1e10;  1 drivers
o00000196032cbaa8 .functor BUFZ 4, C4<zzzz>; HiZ drive
v0000019603329de0_0 .net "wbs_sel_i", 3 0, o00000196032cbaa8;  0 drivers
v0000019603329340_0 .net "wbs_stb_i", 0 0, v0000019603328bc0_0;  alias, 1 drivers
v0000019603329e80_0 .net "wbs_we_i", 0 0, v00000196033297a0_0;  1 drivers
L_000001960332a420 .part L_000001960332ac68, 64, 1;
L_000001960332a240 .part o00000196032cb958, 64, 1;
L_00000196033295c0 .functor MUXZ 1, v0000019603329200_0, L_000001960332a240, L_00000196032b2ac0, C4<>;
L_0000019603329840 .part L_000001960332ac68, 65, 1;
L_0000019603329660 .part o00000196032cb958, 65, 1;
L_0000019603329fc0 .functor MUXZ 1, v0000019603329520_0, L_0000019603329660, L_00000196032b29e0, C4<>;
L_0000019603329b60 .part o00000196032cb8c8, 0, 1;
S_00000196032c3b80 .scope module, "manager_inst" "sentry_manager" 3 49, 3 66 0, S_00000196032c39f0;
 .timescale 0 0;
    .port_info 0 /INPUT 1 "clk";
    .port_info 1 /INPUT 1 "reset";
    .port_info 2 /INPUT 1 "valid";
    .port_info 3 /INPUT 1 "we";
    .port_info 4 /INPUT 32 "address";
    .port_info 5 /INPUT 32 "wdata";
    .port_info 6 /INPUT 1 "sensor_pin";
    .port_info 7 /OUTPUT 1 "ready";
    .port_info 8 /OUTPUT 32 "rdata";
    .port_info 9 /OUTPUT 3 "irq";
P_0000019603223170 .param/l "CAPTURING" 0 3 89, C4<1>;
P_00000196032231a8 .param/l "IDLE" 0 3 89, C4<0>;
P_00000196032231e0 .param/l "NOISE_FLOOR" 0 3 90, C4<0000000000000101>;
v0000019603324bb0_0 .net *"_ivl_2", 0 0, L_000001960332a7e0;  1 drivers
v0000019603327e80_0 .net *"_ivl_4", 15 0, L_0000019603329700;  1 drivers
v0000019603327160_0 .net *"_ivl_6", 15 0, L_00000196033289e0;  1 drivers
v0000019603327840_0 .net "address", 31 0, v000001960332a100_0;  alias, 1 drivers
v00000196033278e0_0 .net "array_spikes", 7 0, L_0000019603382c90;  1 drivers
v00000196033268a0_0 .var "bit_count", 3 0;
v0000019603327480_0 .net "clk", 0 0, L_00000196033295c0;  alias, 1 drivers
v0000019603327520_0 .net "delta", 15 0, L_0000019603328a80;  1 drivers
v0000019603327c00_0 .var "enable_mask", 7 0;
v0000019603327ca0_0 .net "fifo_not_empty", 0 0, L_0000019603328d00;  1 drivers
v00000196033269e0_0 .net "fifo_read_data", 15 0, L_00000196032b2c80;  1 drivers
v0000019603326800_0 .var "fifo_write_enable", 0 0;
v0000019603327de0_0 .net "flat_weights", 255 0, L_0000019603329c00;  1 drivers
v0000019603326b20_0 .net "global_tick", 0 0, L_000001960332a2e0;  1 drivers
v00000196033266c0_0 .var "inference_result", 2 0;
v0000019603327340_0 .var "irq", 2 0;
v00000196033273e0_0 .var/i "j", 31 0;
v0000019603327980_0 .var "last_sensor_value", 15 0;
v0000019603327a20_0 .var "leak_rate", 31 0;
v0000019603327ac0_0 .var "rdata", 31 0;
v0000019603327b60_0 .var "ready", 0 0;
v0000019603327d40_0 .net "reset", 0 0, L_0000019603329fc0;  alias, 1 drivers
v00000196033275c0_0 .net "sensor_pin", 0 0, L_0000019603329b60;  alias, 1 drivers
v0000019603326580_0 .var "shift_reg", 15 0;
v0000019603327f20_0 .var "state", 0 0;
v0000019603326620_0 .var "status_reg", 7 0;
v0000019603326300_0 .var "threshold", 31 0;
v0000019603327fc0_0 .var "tick_counter", 31 0;
v0000019603326760_0 .var "tick_limit", 31 0;
v0000019603326940_0 .net "valid", 0 0, L_00000196032b2970;  alias, 1 drivers
v0000019603326ee0_0 .net "wdata", 31 0, v0000019603328ee0_0;  alias, 1 drivers
v0000019603327660_0 .net "we", 0 0, v00000196033297a0_0;  alias, 1 drivers
v0000019603326a80 .array "weight_reg", 7 0, 31 0;
E_00000196032b8120 .event anyedge, v0000019603326620_0;
L_000001960332a2e0 .cmp/ge 32, v0000019603327fc0_0, v0000019603326760_0;
L_000001960332a7e0 .cmp/gt 16, v0000019603326580_0, v0000019603327980_0;
L_0000019603329700 .arith/sub 16, v0000019603326580_0, v0000019603327980_0;
L_00000196033289e0 .arith/sub 16, v0000019603327980_0, v0000019603326580_0;
L_0000019603328a80 .functor MUXZ 16, L_00000196033289e0, L_0000019603329700, L_000001960332a7e0, C4<>;
v0000019603326a80_0 .array/port v0000019603326a80, 0;
v0000019603326a80_1 .array/port v0000019603326a80, 1;
v0000019603326a80_2 .array/port v0000019603326a80, 2;
v0000019603326a80_3 .array/port v0000019603326a80, 3;
LS_0000019603329c00_0_0 .concat [ 32 32 32 32], v0000019603326a80_0, v0000019603326a80_1, v0000019603326a80_2, v0000019603326a80_3;
v0000019603326a80_4 .array/port v0000019603326a80, 4;
v0000019603326a80_5 .array/port v0000019603326a80, 5;
v0000019603326a80_6 .array/port v0000019603326a80, 6;
v0000019603326a80_7 .array/port v0000019603326a80, 7;
LS_0000019603329c00_0_4 .concat [ 32 32 32 32], v0000019603326a80_4, v0000019603326a80_5, v0000019603326a80_6, v0000019603326a80_7;
L_0000019603329c00 .concat [ 128 128 0 0], LS_0000019603329c00_0_0, LS_0000019603329c00_0_4;
S_00000196032875e0 .scope module, "brain_array" "neuron_array" 3 153, 3 267 0, S_00000196032c3b80;
 .timescale 0 0;
    .port_info 0 /INPUT 1 "clk";
    .port_info 1 /INPUT 1 "reset";
    .port_info 2 /INPUT 1 "data_valid";
    .port_info 3 /INPUT 1 "global_tick";
    .port_info 4 /INPUT 16 "data_in";
    .port_info 5 /INPUT 32 "threshold";
    .port_info 6 /INPUT 32 "leak_rate";
    .port_info 7 /INPUT 8 "enable_mask";
    .port_info 8 /INPUT 256 "flat_weights";
    .port_info 9 /OUTPUT 8 "spikes";
P_00000196032b8ae0 .param/l "NEURON_COUNT" 0 3 268, +C4<00000000000000000000000000001000>;
v0000019603325d30_0 .net "clk", 0 0, L_00000196033295c0;  alias, 1 drivers
v00000196033242f0_0 .net "data_in", 15 0, L_00000196032b2c80;  alias, 1 drivers
v0000019603325f10_0 .net "data_valid", 0 0, L_0000019603328d00;  alias, 1 drivers
v0000019603325fb0_0 .net "enable_mask", 7 0, v0000019603327c00_0;  1 drivers
v0000019603324110_0 .net "flat_weights", 255 0, L_0000019603329c00;  alias, 1 drivers
v00000196033241b0_0 .net "global_tick", 0 0, L_000001960332a2e0;  alias, 1 drivers
v00000196033253d0_0 .net "leak_rate", 31 0, v0000019603327a20_0;  1 drivers
v00000196033249d0_0 .net "reset", 0 0, L_0000019603329fc0;  alias, 1 drivers
v0000019603324250_0 .net "spikes", 7 0, L_0000019603382c90;  alias, 1 drivers
v0000019603325330_0 .net "threshold", 31 0, v0000019603326300_0;  1 drivers
L_0000019603328f80 .part L_0000019603329c00, 0, 4;
L_0000019603329ac0 .part L_0000019603329c00, 32, 4;
L_0000019603328c60 .part L_0000019603329c00, 64, 4;
L_00000196033290c0 .part L_0000019603329c00, 96, 4;
L_000001960332a380 .part L_0000019603329c00, 128, 4;
L_0000019603384090 .part L_0000019603329c00, 160, 4;
L_0000019603383370 .part L_0000019603329c00, 192, 4;
L_0000019603382dd0 .part L_0000019603329c00, 224, 4;
LS_0000019603382c90_0_0 .concat8 [ 1 1 1 1], v00000196032a51c0_0, v00000196032a5d00_0, v00000196032a5620_0, v00000196032a63e0_0;
LS_0000019603382c90_0_4 .concat8 [ 1 1 1 1], v0000019603325010_0, v0000019603325470_0, v0000019603324430_0, v0000019603324f70_0;
L_0000019603382c90 .concat8 [ 4 4 0 0], LS_0000019603382c90_0_0, LS_0000019603382c90_0_4;
S_0000019603287770 .scope generate, "neuron_cores[0]" "neuron_cores[0]" 3 279, 3 279 0, S_00000196032875e0;
 .timescale 0 0;
P_00000196032b8d20 .param/l "i" 0 3 279, +C4<00>;
v00000196032a5a80_0 .net *"_ivl_1", 31 0, L_0000019603329980;  1 drivers
L_000001960332aa28 .functor BUFT 1, C4<0000000000000000>, C4<0>, C4<0>, C4<0>;
v00000196032a6480_0 .net *"_ivl_4", 15 0, L_000001960332aa28;  1 drivers
v00000196032a65c0_0 .net *"_ivl_8", 0 0, v00000196032a51c0_0;  1 drivers
v00000196032a5080_0 .var "membrane_potential", 31 0;
v00000196032a4cc0_0 .net "my_shift", 3 0, L_0000019603328f80;  1 drivers
v00000196032a51c0_0 .var "spike_reg", 0 0;
v00000196032a6160_0 .net "weighted_data", 31 0, L_000001960332a560;  1 drivers
E_00000196032b87a0 .event posedge, v0000019603325d30_0;
L_0000019603329980 .concat [ 16 16 0 0], L_00000196032b2c80, L_000001960332aa28;
L_000001960332a560 .shift/l 32, L_0000019603329980, L_0000019603328f80;
S_0000019603287900 .scope generate, "neuron_cores[1]" "neuron_cores[1]" 3 279, 3 279 0, S_00000196032875e0;
 .timescale 0 0;
P_00000196032b84e0 .param/l "i" 0 3 279, +C4<01>;
v00000196032a5260_0 .net *"_ivl_1", 31 0, L_0000019603329ca0;  1 drivers
L_000001960332aa70 .functor BUFT 1, C4<0000000000000000>, C4<0>, C4<0>, C4<0>;
v00000196032a53a0_0 .net *"_ivl_4", 15 0, L_000001960332aa70;  1 drivers
v00000196032a4d60_0 .net *"_ivl_8", 0 0, v00000196032a5d00_0;  1 drivers
v00000196032a6700_0 .var "membrane_potential", 31 0;
v00000196032a58a0_0 .net "my_shift", 3 0, L_0000019603329ac0;  1 drivers
v00000196032a5d00_0 .var "spike_reg", 0 0;
v00000196032a5da0_0 .net "weighted_data", 31 0, L_0000019603329d40;  1 drivers
L_0000019603329ca0 .concat [ 16 16 0 0], L_00000196032b2c80, L_000001960332aa70;
L_0000019603329d40 .shift/l 32, L_0000019603329ca0, L_0000019603329ac0;
S_000001960325ace0 .scope generate, "neuron_cores[2]" "neuron_cores[2]" 3 279, 3 279 0, S_00000196032875e0;
 .timescale 0 0;
P_00000196032b8c60 .param/l "i" 0 3 279, +C4<010>;
v00000196032a49a0_0 .net *"_ivl_1", 31 0, L_0000019603329f20;  1 drivers
L_000001960332aab8 .functor BUFT 1, C4<0000000000000000>, C4<0>, C4<0>, C4<0>;
v00000196032a4e00_0 .net *"_ivl_4", 15 0, L_000001960332aab8;  1 drivers
v00000196032a5ee0_0 .net *"_ivl_8", 0 0, v00000196032a5620_0;  1 drivers
v00000196032a4ea0_0 .var "membrane_potential", 31 0;
v00000196032a5440_0 .net "my_shift", 3 0, L_0000019603328c60;  1 drivers
v00000196032a5620_0 .var "spike_reg", 0 0;
v00000196032a6020_0 .net "weighted_data", 31 0, L_0000019603328da0;  1 drivers
L_0000019603329f20 .concat [ 16 16 0 0], L_00000196032b2c80, L_000001960332aab8;
L_0000019603328da0 .shift/l 32, L_0000019603329f20, L_0000019603328c60;
S_000001960325ae70 .scope generate, "neuron_cores[3]" "neuron_cores[3]" 3 279, 3 279 0, S_00000196032875e0;
 .timescale 0 0;
P_00000196032b8de0 .param/l "i" 0 3 279, +C4<011>;
v00000196032a6200_0 .net *"_ivl_1", 31 0, L_000001960332a060;  1 drivers
L_000001960332ab00 .functor BUFT 1, C4<0000000000000000>, C4<0>, C4<0>, C4<0>;
v00000196032a5760_0 .net *"_ivl_4", 15 0, L_000001960332ab00;  1 drivers
v00000196032a62a0_0 .net *"_ivl_8", 0 0, v00000196032a63e0_0;  1 drivers
v00000196032a5800_0 .var "membrane_potential", 31 0;
v00000196032a6340_0 .net "my_shift", 3 0, L_00000196033290c0;  1 drivers
v00000196032a63e0_0 .var "spike_reg", 0 0;
v0000019603293a80_0 .net "weighted_data", 31 0, L_00000196033292a0;  1 drivers
L_000001960332a060 .concat [ 16 16 0 0], L_00000196032b2c80, L_000001960332ab00;
L_00000196033292a0 .shift/l 32, L_000001960332a060, L_00000196033290c0;
S_000001960325b000 .scope generate, "neuron_cores[4]" "neuron_cores[4]" 3 279, 3 279 0, S_00000196032875e0;
 .timescale 0 0;
P_00000196032b8060 .param/l "i" 0 3 279, +C4<0100>;
v0000019603293b20_0 .net *"_ivl_1", 31 0, L_000001960332a4c0;  1 drivers
L_000001960332ab48 .functor BUFT 1, C4<0000000000000000>, C4<0>, C4<0>, C4<0>;
v0000019603293ee0_0 .net *"_ivl_4", 15 0, L_000001960332ab48;  1 drivers
v0000019603324890_0 .net *"_ivl_8", 0 0, v0000019603325010_0;  1 drivers
v0000019603325a10_0 .var "membrane_potential", 31 0;
v0000019603325bf0_0 .net "my_shift", 3 0, L_000001960332a380;  1 drivers
v0000019603325010_0 .var "spike_reg", 0 0;
v0000019603325970_0 .net "weighted_data", 31 0, L_0000019603384270;  1 drivers
L_000001960332a4c0 .concat [ 16 16 0 0], L_00000196032b2c80, L_000001960332ab48;
L_0000019603384270 .shift/l 32, L_000001960332a4c0, L_000001960332a380;
S_000001960327c680 .scope generate, "neuron_cores[5]" "neuron_cores[5]" 3 279, 3 279 0, S_00000196032875e0;
 .timescale 0 0;
P_00000196032b82a0 .param/l "i" 0 3 279, +C4<0101>;
v0000019603325ab0_0 .net *"_ivl_1", 31 0, L_0000019603384310;  1 drivers
L_000001960332ab90 .functor BUFT 1, C4<0000000000000000>, C4<0>, C4<0>, C4<0>;
v00000196033250b0_0 .net *"_ivl_4", 15 0, L_000001960332ab90;  1 drivers
v0000019603325c90_0 .net *"_ivl_8", 0 0, v0000019603325470_0;  1 drivers
v00000196033258d0_0 .var "membrane_potential", 31 0;
v0000019603325b50_0 .net "my_shift", 3 0, L_0000019603384090;  1 drivers
v0000019603325470_0 .var "spike_reg", 0 0;
v0000019603324570_0 .net "weighted_data", 31 0, L_00000196033841d0;  1 drivers
L_0000019603384310 .concat [ 16 16 0 0], L_00000196032b2c80, L_000001960332ab90;
L_00000196033841d0 .shift/l 32, L_0000019603384310, L_0000019603384090;
S_000001960327c810 .scope generate, "neuron_cores[6]" "neuron_cores[6]" 3 279, 3 279 0, S_00000196032875e0;
 .timescale 0 0;
P_00000196032b8360 .param/l "i" 0 3 279, +C4<0110>;
v0000019603324390_0 .net *"_ivl_1", 31 0, L_0000019603383cd0;  1 drivers
L_000001960332abd8 .functor BUFT 1, C4<0000000000000000>, C4<0>, C4<0>, C4<0>;
v0000019603324d90_0 .net *"_ivl_4", 15 0, L_000001960332abd8;  1 drivers
v0000019603324750_0 .net *"_ivl_8", 0 0, v0000019603324430_0;  1 drivers
v0000019603325150_0 .var "membrane_potential", 31 0;
v0000019603325e70_0 .net "my_shift", 3 0, L_0000019603383370;  1 drivers
v0000019603324430_0 .var "spike_reg", 0 0;
v0000019603324ed0_0 .net "weighted_data", 31 0, L_0000019603383410;  1 drivers
L_0000019603383cd0 .concat [ 16 16 0 0], L_00000196032b2c80, L_000001960332abd8;
L_0000019603383410 .shift/l 32, L_0000019603383cd0, L_0000019603383370;
S_000001960327c9a0 .scope generate, "neuron_cores[7]" "neuron_cores[7]" 3 279, 3 279 0, S_00000196032875e0;
 .timescale 0 0;
P_00000196032b7f60 .param/l "i" 0 3 279, +C4<0111>;
v00000196033251f0_0 .net *"_ivl_1", 31 0, L_0000019603382fb0;  1 drivers
L_000001960332ac20 .functor BUFT 1, C4<0000000000000000>, C4<0>, C4<0>, C4<0>;
v0000019603324e30_0 .net *"_ivl_4", 15 0, L_000001960332ac20;  1 drivers
v00000196033244d0_0 .net *"_ivl_8", 0 0, v0000019603324f70_0;  1 drivers
v0000019603325dd0_0 .var "membrane_potential", 31 0;
v00000196033255b0_0 .net "my_shift", 3 0, L_0000019603382dd0;  1 drivers
v0000019603324f70_0 .var "spike_reg", 0 0;
v0000019603325290_0 .net "weighted_data", 31 0, L_0000019603383e10;  1 drivers
L_0000019603382fb0 .concat [ 16 16 0 0], L_00000196032b2c80, L_000001960332ac20;
L_0000019603383e10 .shift/l 32, L_0000019603382fb0, L_0000019603382dd0;
S_0000019603277b40 .scope module, "my_fifo" "fifo" 3 144, 3 238 0, S_00000196032c3b80;
 .timescale 0 0;
    .port_info 0 /INPUT 1 "clk";
    .port_info 1 /INPUT 1 "reset";
    .port_info 2 /INPUT 1 "write_enable";
    .port_info 3 /INPUT 1 "read_enable";
    .port_info 4 /INPUT 16 "write_data";
    .port_info 5 /OUTPUT 1 "not_empty";
    .port_info 6 /OUTPUT 16 "read_data";
L_00000196032b2c80 .functor BUFZ 16, L_0000019603328940, C4<0000000000000000>, C4<0000000000000000>, C4<0000000000000000>;
v0000019603325510_0 .net *"_ivl_2", 15 0, L_0000019603328940;  1 drivers
v0000019603325650_0 .net *"_ivl_4", 5 0, L_00000196033298e0;  1 drivers
L_000001960332a9e0 .functor BUFT 1, C4<00>, C4<0>, C4<0>, C4<0>;
v0000019603324610_0 .net *"_ivl_7", 1 0, L_000001960332a9e0;  1 drivers
v00000196033256f0_0 .net "clk", 0 0, L_00000196033295c0;  alias, 1 drivers
v00000196033246b0 .array "memory", 15 0, 15 0;
v0000019603324930_0 .net "not_empty", 0 0, L_0000019603328d00;  alias, 1 drivers
v0000019603324c50_0 .var "rd_ptr", 3 0;
v00000196033247f0_0 .net "read_data", 15 0, L_00000196032b2c80;  alias, 1 drivers
v0000019603325790_0 .net "read_enable", 0 0, L_0000019603328d00;  alias, 1 drivers
v0000019603324a70_0 .net "reset", 0 0, L_0000019603329fc0;  alias, 1 drivers
v0000019603324b10_0 .var "wr_ptr", 3 0;
v0000019603324cf0_0 .net "write_data", 15 0, v0000019603326580_0;  1 drivers
v0000019603325830_0 .net "write_enable", 0 0, v0000019603326800_0;  1 drivers
L_0000019603328d00 .cmp/ne 4, v0000019603324b10_0, v0000019603324c50_0;
L_0000019603328940 .array/port v00000196033246b0, L_00000196033298e0;
L_00000196033298e0 .concat [ 4 2 0 0], v0000019603324c50_0, L_000001960332a9e0;
S_00000196032c8e00 .scope task, "wb_write" "wb_write" 2 20, 2 20 0, S_00000196032c84b0;
 .timescale -9 -12;
v000001960332a1a0_0 .var "a", 31 0;
v0000019603329160_0 .var "d", 31 0;
E_00000196032b83a0 .event negedge, v0000019603329480_0;
E_00000196032b8860 .event anyedge, v0000019603327b60_0;
TD_tb_advanced.wb_write ;
    %wait E_00000196032b83a0;
    %pushi/vec4 1, 0, 1;
    %store/vec4 v0000019603328bc0_0, 0, 1;
    %pushi/vec4 1, 0, 1;
    %store/vec4 v00000196033297a0_0, 0, 1;
    %load/vec4 v000001960332a1a0_0;
    %store/vec4 v000001960332a100_0, 0, 32;
    %load/vec4 v0000019603329160_0;
    %store/vec4 v0000019603328ee0_0, 0, 32;
T_0.0 ;
    %load/vec4 v000001960332a740_0;
    %pushi/vec4 1, 0, 1;
    %cmp/e;
    %flag_get/vec4 4;
    %cmpi/ne 1, 0, 1;
    %jmp/0xz T_0.1, 6;
    %wait E_00000196032b8860;
    %jmp T_0.0;
T_0.1 ;
    %wait E_00000196032b83a0;
    %pushi/vec4 0, 0, 1;
    %store/vec4 v0000019603328bc0_0, 0, 1;
    %pushi/vec4 0, 0, 1;
    %store/vec4 v00000196033297a0_0, 0, 1;
    %end;
    .scope S_0000019603277b40;
T_1 ;
    %wait E_00000196032b87a0;
    %load/vec4 v0000019603324a70_0;
    %flag_set/vec4 8;
    %jmp/0xz  T_1.0, 8;
    %pushi/vec4 0, 0, 4;
    %assign/vec4 v0000019603324b10_0, 0;
    %jmp T_1.1;
T_1.0 ;
    %load/vec4 v0000019603325830_0;
    %flag_set/vec4 8;
    %jmp/0xz  T_1.2, 8;
    %load/vec4 v0000019603324cf0_0;
    %load/vec4 v0000019603324b10_0;
    %pad/u 6;
    %ix/vec4 3;
    %ix/load 4, 0, 0; Constant delay
    %assign/vec4/a/d v00000196033246b0, 0, 4;
    %load/vec4 v0000019603324b10_0;
    %addi 1, 0, 4;
    %assign/vec4 v0000019603324b10_0, 0;
T_1.2 ;
T_1.1 ;
    %jmp T_1;
    .thread T_1;
    .scope S_0000019603277b40;
T_2 ;
    %wait E_00000196032b87a0;
    %load/vec4 v0000019603324a70_0;
    %flag_set/vec4 8;
    %jmp/0xz  T_2.0, 8;
    %pushi/vec4 0, 0, 4;
    %assign/vec4 v0000019603324c50_0, 0;
    %jmp T_2.1;
T_2.0 ;
    %load/vec4 v0000019603325790_0;
    %load/vec4 v0000019603324930_0;
    %and;
    %flag_set/vec4 8;
    %jmp/0xz  T_2.2, 8;
    %load/vec4 v0000019603324c50_0;
    %addi 1, 0, 4;
    %assign/vec4 v0000019603324c50_0, 0;
T_2.2 ;
T_2.1 ;
    %jmp T_2;
    .thread T_2;
    .scope S_0000019603287770;
T_3 ;
    %wait E_00000196032b87a0;
    %load/vec4 v00000196033249d0_0;
    %flag_set/vec4 8;
    %load/vec4 v0000019603325fb0_0;
    %parti/s 1, 0, 2;
    %nor/r;
    %flag_set/vec4 9;
    %flag_or 9, 8;
    %jmp/0xz  T_3.0, 9;
    %pushi/vec4 0, 0, 32;
    %assign/vec4 v00000196032a5080_0, 0;
    %pushi/vec4 0, 0, 1;
    %assign/vec4 v00000196032a51c0_0, 0;
    %jmp T_3.1;
T_3.0 ;
    %load/vec4 v0000019603325f10_0;
    %load/vec4 v0000019603325330_0;
    %load/vec4 v00000196032a5080_0;
    %load/vec4 v00000196032a6160_0;
    %add;
    %cmp/u;
    %flag_get/vec4 4;
    %flag_get/vec4 5;
    %or;
    %and;
    %flag_set/vec4 8;
    %jmp/0xz  T_3.2, 8;
    %pushi/vec4 1, 0, 1;
    %assign/vec4 v00000196032a51c0_0, 0;
    %pushi/vec4 0, 0, 32;
    %assign/vec4 v00000196032a5080_0, 0;
    %jmp T_3.3;
T_3.2 ;
    %load/vec4 v0000019603325f10_0;
    %flag_set/vec4 8;
    %jmp/0xz  T_3.4, 8;
    %load/vec4 v00000196033253d0_0;
    %load/vec4 v00000196032a5080_0;
    %load/vec4 v00000196032a6160_0;
    %add;
    %cmp/u;
    %flag_mov 8, 5;
    %jmp/0 T_3.6, 8;
    %load/vec4 v00000196032a5080_0;
    %load/vec4 v00000196032a6160_0;
    %add;
    %load/vec4 v00000196033253d0_0;
    %sub;
    %jmp/1 T_3.7, 8;
T_3.6 ; End of true expr.
    %pushi/vec4 0, 0, 32;
    %jmp/0 T_3.7, 8;
 ; End of false expr.
    %blend;
T_3.7;
    %assign/vec4 v00000196032a5080_0, 0;
    %pushi/vec4 0, 0, 1;
    %assign/vec4 v00000196032a51c0_0, 0;
    %jmp T_3.5;
T_3.4 ;
    %load/vec4 v00000196033241b0_0;
    %load/vec4 v00000196033253d0_0;
    %load/vec4 v00000196032a5080_0;
    %cmp/u;
    %flag_get/vec4 5;
    %and;
    %flag_set/vec4 8;
    %jmp/0xz  T_3.8, 8;
    %load/vec4 v00000196032a5080_0;
    %load/vec4 v00000196033253d0_0;
    %sub;
    %assign/vec4 v00000196032a5080_0, 0;
    %pushi/vec4 0, 0, 1;
    %assign/vec4 v00000196032a51c0_0, 0;
    %jmp T_3.9;
T_3.8 ;
    %load/vec4 v00000196033241b0_0;
    %flag_set/vec4 8;
    %jmp/0xz  T_3.10, 8;
    %pushi/vec4 0, 0, 32;
    %assign/vec4 v00000196032a5080_0, 0;
    %pushi/vec4 0, 0, 1;
    %assign/vec4 v00000196032a51c0_0, 0;
    %jmp T_3.11;
T_3.10 ;
    %pushi/vec4 0, 0, 1;
    %assign/vec4 v00000196032a51c0_0, 0;
T_3.11 ;
T_3.9 ;
T_3.5 ;
T_3.3 ;
T_3.1 ;
    %jmp T_3;
    .thread T_3;
    .scope S_0000019603287900;
T_4 ;
    %wait E_00000196032b87a0;
    %load/vec4 v00000196033249d0_0;
    %flag_set/vec4 8;
    %load/vec4 v0000019603325fb0_0;
    %parti/s 1, 1, 2;
    %nor/r;
    %flag_set/vec4 9;
    %flag_or 9, 8;
    %jmp/0xz  T_4.0, 9;
    %pushi/vec4 0, 0, 32;
    %assign/vec4 v00000196032a6700_0, 0;
    %pushi/vec4 0, 0, 1;
    %assign/vec4 v00000196032a5d00_0, 0;
    %jmp T_4.1;
T_4.0 ;
    %load/vec4 v0000019603325f10_0;
    %load/vec4 v0000019603325330_0;
    %load/vec4 v00000196032a6700_0;
    %load/vec4 v00000196032a5da0_0;
    %add;
    %cmp/u;
    %flag_get/vec4 4;
    %flag_get/vec4 5;
    %or;
    %and;
    %flag_set/vec4 8;
    %jmp/0xz  T_4.2, 8;
    %pushi/vec4 1, 0, 1;
    %assign/vec4 v00000196032a5d00_0, 0;
    %pushi/vec4 0, 0, 32;
    %assign/vec4 v00000196032a6700_0, 0;
    %jmp T_4.3;
T_4.2 ;
    %load/vec4 v0000019603325f10_0;
    %flag_set/vec4 8;
    %jmp/0xz  T_4.4, 8;
    %load/vec4 v00000196033253d0_0;
    %load/vec4 v00000196032a6700_0;
    %load/vec4 v00000196032a5da0_0;
    %add;
    %cmp/u;
    %flag_mov 8, 5;
    %jmp/0 T_4.6, 8;
    %load/vec4 v00000196032a6700_0;
    %load/vec4 v00000196032a5da0_0;
    %add;
    %load/vec4 v00000196033253d0_0;
    %sub;
    %jmp/1 T_4.7, 8;
T_4.6 ; End of true expr.
    %pushi/vec4 0, 0, 32;
    %jmp/0 T_4.7, 8;
 ; End of false expr.
    %blend;
T_4.7;
    %assign/vec4 v00000196032a6700_0, 0;
    %pushi/vec4 0, 0, 1;
    %assign/vec4 v00000196032a5d00_0, 0;
    %jmp T_4.5;
T_4.4 ;
    %load/vec4 v00000196033241b0_0;
    %load/vec4 v00000196033253d0_0;
    %load/vec4 v00000196032a6700_0;
    %cmp/u;
    %flag_get/vec4 5;
    %and;
    %flag_set/vec4 8;
    %jmp/0xz  T_4.8, 8;
    %load/vec4 v00000196032a6700_0;
    %load/vec4 v00000196033253d0_0;
    %sub;
    %assign/vec4 v00000196032a6700_0, 0;
    %pushi/vec4 0, 0, 1;
    %assign/vec4 v00000196032a5d00_0, 0;
    %jmp T_4.9;
T_4.8 ;
    %load/vec4 v00000196033241b0_0;
    %flag_set/vec4 8;
    %jmp/0xz  T_4.10, 8;
    %pushi/vec4 0, 0, 32;
    %assign/vec4 v00000196032a6700_0, 0;
    %pushi/vec4 0, 0, 1;
    %assign/vec4 v00000196032a5d00_0, 0;
    %jmp T_4.11;
T_4.10 ;
    %pushi/vec4 0, 0, 1;
    %assign/vec4 v00000196032a5d00_0, 0;
T_4.11 ;
T_4.9 ;
T_4.5 ;
T_4.3 ;
T_4.1 ;
    %jmp T_4;
    .thread T_4;
    .scope S_000001960325ace0;
T_5 ;
    %wait E_00000196032b87a0;
    %load/vec4 v00000196033249d0_0;
    %flag_set/vec4 8;
    %load/vec4 v0000019603325fb0_0;
    %parti/s 1, 2, 3;
    %nor/r;
    %flag_set/vec4 9;
    %flag_or 9, 8;
    %jmp/0xz  T_5.0, 9;
    %pushi/vec4 0, 0, 32;
    %assign/vec4 v00000196032a4ea0_0, 0;
    %pushi/vec4 0, 0, 1;
    %assign/vec4 v00000196032a5620_0, 0;
    %jmp T_5.1;
T_5.0 ;
    %load/vec4 v0000019603325f10_0;
    %load/vec4 v0000019603325330_0;
    %load/vec4 v00000196032a4ea0_0;
    %load/vec4 v00000196032a6020_0;
    %add;
    %cmp/u;
    %flag_get/vec4 4;
    %flag_get/vec4 5;
    %or;
    %and;
    %flag_set/vec4 8;
    %jmp/0xz  T_5.2, 8;
    %pushi/vec4 1, 0, 1;
    %assign/vec4 v00000196032a5620_0, 0;
    %pushi/vec4 0, 0, 32;
    %assign/vec4 v00000196032a4ea0_0, 0;
    %jmp T_5.3;
T_5.2 ;
    %load/vec4 v0000019603325f10_0;
    %flag_set/vec4 8;
    %jmp/0xz  T_5.4, 8;
    %load/vec4 v00000196033253d0_0;
    %load/vec4 v00000196032a4ea0_0;
    %load/vec4 v00000196032a6020_0;
    %add;
    %cmp/u;
    %flag_mov 8, 5;
    %jmp/0 T_5.6, 8;
    %load/vec4 v00000196032a4ea0_0;
    %load/vec4 v00000196032a6020_0;
    %add;
    %load/vec4 v00000196033253d0_0;
    %sub;
    %jmp/1 T_5.7, 8;
T_5.6 ; End of true expr.
    %pushi/vec4 0, 0, 32;
    %jmp/0 T_5.7, 8;
 ; End of false expr.
    %blend;
T_5.7;
    %assign/vec4 v00000196032a4ea0_0, 0;
    %pushi/vec4 0, 0, 1;
    %assign/vec4 v00000196032a5620_0, 0;
    %jmp T_5.5;
T_5.4 ;
    %load/vec4 v00000196033241b0_0;
    %load/vec4 v00000196033253d0_0;
    %load/vec4 v00000196032a4ea0_0;
    %cmp/u;
    %flag_get/vec4 5;
    %and;
    %flag_set/vec4 8;
    %jmp/0xz  T_5.8, 8;
    %load/vec4 v00000196032a4ea0_0;
    %load/vec4 v00000196033253d0_0;
    %sub;
    %assign/vec4 v00000196032a4ea0_0, 0;
    %pushi/vec4 0, 0, 1;
    %assign/vec4 v00000196032a5620_0, 0;
    %jmp T_5.9;
T_5.8 ;
    %load/vec4 v00000196033241b0_0;
    %flag_set/vec4 8;
    %jmp/0xz  T_5.10, 8;
    %pushi/vec4 0, 0, 32;
    %assign/vec4 v00000196032a4ea0_0, 0;
    %pushi/vec4 0, 0, 1;
    %assign/vec4 v00000196032a5620_0, 0;
    %jmp T_5.11;
T_5.10 ;
    %pushi/vec4 0, 0, 1;
    %assign/vec4 v00000196032a5620_0, 0;
T_5.11 ;
T_5.9 ;
T_5.5 ;
T_5.3 ;
T_5.1 ;
    %jmp T_5;
    .thread T_5;
    .scope S_000001960325ae70;
T_6 ;
    %wait E_00000196032b87a0;
    %load/vec4 v00000196033249d0_0;
    %flag_set/vec4 8;
    %load/vec4 v0000019603325fb0_0;
    %parti/s 1, 3, 3;
    %nor/r;
    %flag_set/vec4 9;
    %flag_or 9, 8;
    %jmp/0xz  T_6.0, 9;
    %pushi/vec4 0, 0, 32;
    %assign/vec4 v00000196032a5800_0, 0;
    %pushi/vec4 0, 0, 1;
    %assign/vec4 v00000196032a63e0_0, 0;
    %jmp T_6.1;
T_6.0 ;
    %load/vec4 v0000019603325f10_0;
    %load/vec4 v0000019603325330_0;
    %load/vec4 v00000196032a5800_0;
    %load/vec4 v0000019603293a80_0;
    %add;
    %cmp/u;
    %flag_get/vec4 4;
    %flag_get/vec4 5;
    %or;
    %and;
    %flag_set/vec4 8;
    %jmp/0xz  T_6.2, 8;
    %pushi/vec4 1, 0, 1;
    %assign/vec4 v00000196032a63e0_0, 0;
    %pushi/vec4 0, 0, 32;
    %assign/vec4 v00000196032a5800_0, 0;
    %jmp T_6.3;
T_6.2 ;
    %load/vec4 v0000019603325f10_0;
    %flag_set/vec4 8;
    %jmp/0xz  T_6.4, 8;
    %load/vec4 v00000196033253d0_0;
    %load/vec4 v00000196032a5800_0;
    %load/vec4 v0000019603293a80_0;
    %add;
    %cmp/u;
    %flag_mov 8, 5;
    %jmp/0 T_6.6, 8;
    %load/vec4 v00000196032a5800_0;
    %load/vec4 v0000019603293a80_0;
    %add;
    %load/vec4 v00000196033253d0_0;
    %sub;
    %jmp/1 T_6.7, 8;
T_6.6 ; End of true expr.
    %pushi/vec4 0, 0, 32;
    %jmp/0 T_6.7, 8;
 ; End of false expr.
    %blend;
T_6.7;
    %assign/vec4 v00000196032a5800_0, 0;
    %pushi/vec4 0, 0, 1;
    %assign/vec4 v00000196032a63e0_0, 0;
    %jmp T_6.5;
T_6.4 ;
    %load/vec4 v00000196033241b0_0;
    %load/vec4 v00000196033253d0_0;
    %load/vec4 v00000196032a5800_0;
    %cmp/u;
    %flag_get/vec4 5;
    %and;
    %flag_set/vec4 8;
    %jmp/0xz  T_6.8, 8;
    %load/vec4 v00000196032a5800_0;
    %load/vec4 v00000196033253d0_0;
    %sub;
    %assign/vec4 v00000196032a5800_0, 0;
    %pushi/vec4 0, 0, 1;
    %assign/vec4 v00000196032a63e0_0, 0;
    %jmp T_6.9;
T_6.8 ;
    %load/vec4 v00000196033241b0_0;
    %flag_set/vec4 8;
    %jmp/0xz  T_6.10, 8;
    %pushi/vec4 0, 0, 32;
    %assign/vec4 v00000196032a5800_0, 0;
    %pushi/vec4 0, 0, 1;
    %assign/vec4 v00000196032a63e0_0, 0;
    %jmp T_6.11;
T_6.10 ;
    %pushi/vec4 0, 0, 1;
    %assign/vec4 v00000196032a63e0_0, 0;
T_6.11 ;
T_6.9 ;
T_6.5 ;
T_6.3 ;
T_6.1 ;
    %jmp T_6;
    .thread T_6;
    .scope S_000001960325b000;
T_7 ;
    %wait E_00000196032b87a0;
    %load/vec4 v00000196033249d0_0;
    %flag_set/vec4 8;
    %load/vec4 v0000019603325fb0_0;
    %parti/s 1, 4, 4;
    %nor/r;
    %flag_set/vec4 9;
    %flag_or 9, 8;
    %jmp/0xz  T_7.0, 9;
    %pushi/vec4 0, 0, 32;
    %assign/vec4 v0000019603325a10_0, 0;
    %pushi/vec4 0, 0, 1;
    %assign/vec4 v0000019603325010_0, 0;
    %jmp T_7.1;
T_7.0 ;
    %load/vec4 v0000019603325f10_0;
    %load/vec4 v0000019603325330_0;
    %load/vec4 v0000019603325a10_0;
    %load/vec4 v0000019603325970_0;
    %add;
    %cmp/u;
    %flag_get/vec4 4;
    %flag_get/vec4 5;
    %or;
    %and;
    %flag_set/vec4 8;
    %jmp/0xz  T_7.2, 8;
    %pushi/vec4 1, 0, 1;
    %assign/vec4 v0000019603325010_0, 0;
    %pushi/vec4 0, 0, 32;
    %assign/vec4 v0000019603325a10_0, 0;
    %jmp T_7.3;
T_7.2 ;
    %load/vec4 v0000019603325f10_0;
    %flag_set/vec4 8;
    %jmp/0xz  T_7.4, 8;
    %load/vec4 v00000196033253d0_0;
    %load/vec4 v0000019603325a10_0;
    %load/vec4 v0000019603325970_0;
    %add;
    %cmp/u;
    %flag_mov 8, 5;
    %jmp/0 T_7.6, 8;
    %load/vec4 v0000019603325a10_0;
    %load/vec4 v0000019603325970_0;
    %add;
    %load/vec4 v00000196033253d0_0;
    %sub;
    %jmp/1 T_7.7, 8;
T_7.6 ; End of true expr.
    %pushi/vec4 0, 0, 32;
    %jmp/0 T_7.7, 8;
 ; End of false expr.
    %blend;
T_7.7;
    %assign/vec4 v0000019603325a10_0, 0;
    %pushi/vec4 0, 0, 1;
    %assign/vec4 v0000019603325010_0, 0;
    %jmp T_7.5;
T_7.4 ;
    %load/vec4 v00000196033241b0_0;
    %load/vec4 v00000196033253d0_0;
    %load/vec4 v0000019603325a10_0;
    %cmp/u;
    %flag_get/vec4 5;
    %and;
    %flag_set/vec4 8;
    %jmp/0xz  T_7.8, 8;
    %load/vec4 v0000019603325a10_0;
    %load/vec4 v00000196033253d0_0;
    %sub;
    %assign/vec4 v0000019603325a10_0, 0;
    %pushi/vec4 0, 0, 1;
    %assign/vec4 v0000019603325010_0, 0;
    %jmp T_7.9;
T_7.8 ;
    %load/vec4 v00000196033241b0_0;
    %flag_set/vec4 8;
    %jmp/0xz  T_7.10, 8;
    %pushi/vec4 0, 0, 32;
    %assign/vec4 v0000019603325a10_0, 0;
    %pushi/vec4 0, 0, 1;
    %assign/vec4 v0000019603325010_0, 0;
    %jmp T_7.11;
T_7.10 ;
    %pushi/vec4 0, 0, 1;
    %assign/vec4 v0000019603325010_0, 0;
T_7.11 ;
T_7.9 ;
T_7.5 ;
T_7.3 ;
T_7.1 ;
    %jmp T_7;
    .thread T_7;
    .scope S_000001960327c680;
T_8 ;
    %wait E_00000196032b87a0;
    %load/vec4 v00000196033249d0_0;
    %flag_set/vec4 8;
    %load/vec4 v0000019603325fb0_0;
    %parti/s 1, 5, 4;
    %nor/r;
    %flag_set/vec4 9;
    %flag_or 9, 8;
    %jmp/0xz  T_8.0, 9;
    %pushi/vec4 0, 0, 32;
    %assign/vec4 v00000196033258d0_0, 0;
    %pushi/vec4 0, 0, 1;
    %assign/vec4 v0000019603325470_0, 0;
    %jmp T_8.1;
T_8.0 ;
    %load/vec4 v0000019603325f10_0;
    %load/vec4 v0000019603325330_0;
    %load/vec4 v00000196033258d0_0;
    %load/vec4 v0000019603324570_0;
    %add;
    %cmp/u;
    %flag_get/vec4 4;
    %flag_get/vec4 5;
    %or;
    %and;
    %flag_set/vec4 8;
    %jmp/0xz  T_8.2, 8;
    %pushi/vec4 1, 0, 1;
    %assign/vec4 v0000019603325470_0, 0;
    %pushi/vec4 0, 0, 32;
    %assign/vec4 v00000196033258d0_0, 0;
    %jmp T_8.3;
T_8.2 ;
    %load/vec4 v0000019603325f10_0;
    %flag_set/vec4 8;
    %jmp/0xz  T_8.4, 8;
    %load/vec4 v00000196033253d0_0;
    %load/vec4 v00000196033258d0_0;
    %load/vec4 v0000019603324570_0;
    %add;
    %cmp/u;
    %flag_mov 8, 5;
    %jmp/0 T_8.6, 8;
    %load/vec4 v00000196033258d0_0;
    %load/vec4 v0000019603324570_0;
    %add;
    %load/vec4 v00000196033253d0_0;
    %sub;
    %jmp/1 T_8.7, 8;
T_8.6 ; End of true expr.
    %pushi/vec4 0, 0, 32;
    %jmp/0 T_8.7, 8;
 ; End of false expr.
    %blend;
T_8.7;
    %assign/vec4 v00000196033258d0_0, 0;
    %pushi/vec4 0, 0, 1;
    %assign/vec4 v0000019603325470_0, 0;
    %jmp T_8.5;
T_8.4 ;
    %load/vec4 v00000196033241b0_0;
    %load/vec4 v00000196033253d0_0;
    %load/vec4 v00000196033258d0_0;
    %cmp/u;
    %flag_get/vec4 5;
    %and;
    %flag_set/vec4 8;
    %jmp/0xz  T_8.8, 8;
    %load/vec4 v00000196033258d0_0;
    %load/vec4 v00000196033253d0_0;
    %sub;
    %assign/vec4 v00000196033258d0_0, 0;
    %pushi/vec4 0, 0, 1;
    %assign/vec4 v0000019603325470_0, 0;
    %jmp T_8.9;
T_8.8 ;
    %load/vec4 v00000196033241b0_0;
    %flag_set/vec4 8;
    %jmp/0xz  T_8.10, 8;
    %pushi/vec4 0, 0, 32;
    %assign/vec4 v00000196033258d0_0, 0;
    %pushi/vec4 0, 0, 1;
    %assign/vec4 v0000019603325470_0, 0;
    %jmp T_8.11;
T_8.10 ;
    %pushi/vec4 0, 0, 1;
    %assign/vec4 v0000019603325470_0, 0;
T_8.11 ;
T_8.9 ;
T_8.5 ;
T_8.3 ;
T_8.1 ;
    %jmp T_8;
    .thread T_8;
    .scope S_000001960327c810;
T_9 ;
    %wait E_00000196032b87a0;
    %load/vec4 v00000196033249d0_0;
    %flag_set/vec4 8;
    %load/vec4 v0000019603325fb0_0;
    %parti/s 1, 6, 4;
    %nor/r;
    %flag_set/vec4 9;
    %flag_or 9, 8;
    %jmp/0xz  T_9.0, 9;
    %pushi/vec4 0, 0, 32;
    %assign/vec4 v0000019603325150_0, 0;
    %pushi/vec4 0, 0, 1;
    %assign/vec4 v0000019603324430_0, 0;
    %jmp T_9.1;
T_9.0 ;
    %load/vec4 v0000019603325f10_0;
    %load/vec4 v0000019603325330_0;
    %load/vec4 v0000019603325150_0;
    %load/vec4 v0000019603324ed0_0;
    %add;
    %cmp/u;
    %flag_get/vec4 4;
    %flag_get/vec4 5;
    %or;
    %and;
    %flag_set/vec4 8;
    %jmp/0xz  T_9.2, 8;
    %pushi/vec4 1, 0, 1;
    %assign/vec4 v0000019603324430_0, 0;
    %pushi/vec4 0, 0, 32;
    %assign/vec4 v0000019603325150_0, 0;
    %jmp T_9.3;
T_9.2 ;
    %load/vec4 v0000019603325f10_0;
    %flag_set/vec4 8;
    %jmp/0xz  T_9.4, 8;
    %load/vec4 v00000196033253d0_0;
    %load/vec4 v0000019603325150_0;
    %load/vec4 v0000019603324ed0_0;
    %add;
    %cmp/u;
    %flag_mov 8, 5;
    %jmp/0 T_9.6, 8;
    %load/vec4 v0000019603325150_0;
    %load/vec4 v0000019603324ed0_0;
    %add;
    %load/vec4 v00000196033253d0_0;
    %sub;
    %jmp/1 T_9.7, 8;
T_9.6 ; End of true expr.
    %pushi/vec4 0, 0, 32;
    %jmp/0 T_9.7, 8;
 ; End of false expr.
    %blend;
T_9.7;
    %assign/vec4 v0000019603325150_0, 0;
    %pushi/vec4 0, 0, 1;
    %assign/vec4 v0000019603324430_0, 0;
    %jmp T_9.5;
T_9.4 ;
    %load/vec4 v00000196033241b0_0;
    %load/vec4 v00000196033253d0_0;
    %load/vec4 v0000019603325150_0;
    %cmp/u;
    %flag_get/vec4 5;
    %and;
    %flag_set/vec4 8;
    %jmp/0xz  T_9.8, 8;
    %load/vec4 v0000019603325150_0;
    %load/vec4 v00000196033253d0_0;
    %sub;
    %assign/vec4 v0000019603325150_0, 0;
    %pushi/vec4 0, 0, 1;
    %assign/vec4 v0000019603324430_0, 0;
    %jmp T_9.9;
T_9.8 ;
    %load/vec4 v00000196033241b0_0;
    %flag_set/vec4 8;
    %jmp/0xz  T_9.10, 8;
    %pushi/vec4 0, 0, 32;
    %assign/vec4 v0000019603325150_0, 0;
    %pushi/vec4 0, 0, 1;
    %assign/vec4 v0000019603324430_0, 0;
    %jmp T_9.11;
T_9.10 ;
    %pushi/vec4 0, 0, 1;
    %assign/vec4 v0000019603324430_0, 0;
T_9.11 ;
T_9.9 ;
T_9.5 ;
T_9.3 ;
T_9.1 ;
    %jmp T_9;
    .thread T_9;
    .scope S_000001960327c9a0;
T_10 ;
    %wait E_00000196032b87a0;
    %load/vec4 v00000196033249d0_0;
    %flag_set/vec4 8;
    %load/vec4 v0000019603325fb0_0;
    %parti/s 1, 7, 4;
    %nor/r;
    %flag_set/vec4 9;
    %flag_or 9, 8;
    %jmp/0xz  T_10.0, 9;
    %pushi/vec4 0, 0, 32;
    %assign/vec4 v0000019603325dd0_0, 0;
    %pushi/vec4 0, 0, 1;
    %assign/vec4 v0000019603324f70_0, 0;
    %jmp T_10.1;
T_10.0 ;
    %load/vec4 v0000019603325f10_0;
    %load/vec4 v0000019603325330_0;
    %load/vec4 v0000019603325dd0_0;
    %load/vec4 v0000019603325290_0;
    %add;
    %cmp/u;
    %flag_get/vec4 4;
    %flag_get/vec4 5;
    %or;
    %and;
    %flag_set/vec4 8;
    %jmp/0xz  T_10.2, 8;
    %pushi/vec4 1, 0, 1;
    %assign/vec4 v0000019603324f70_0, 0;
    %pushi/vec4 0, 0, 32;
    %assign/vec4 v0000019603325dd0_0, 0;
    %jmp T_10.3;
T_10.2 ;
    %load/vec4 v0000019603325f10_0;
    %flag_set/vec4 8;
    %jmp/0xz  T_10.4, 8;
    %load/vec4 v00000196033253d0_0;
    %load/vec4 v0000019603325dd0_0;
    %load/vec4 v0000019603325290_0;
    %add;
    %cmp/u;
    %flag_mov 8, 5;
    %jmp/0 T_10.6, 8;
    %load/vec4 v0000019603325dd0_0;
    %load/vec4 v0000019603325290_0;
    %add;
    %load/vec4 v00000196033253d0_0;
    %sub;
    %jmp/1 T_10.7, 8;
T_10.6 ; End of true expr.
    %pushi/vec4 0, 0, 32;
    %jmp/0 T_10.7, 8;
 ; End of false expr.
    %blend;
T_10.7;
    %assign/vec4 v0000019603325dd0_0, 0;
    %pushi/vec4 0, 0, 1;
    %assign/vec4 v0000019603324f70_0, 0;
    %jmp T_10.5;
T_10.4 ;
    %load/vec4 v00000196033241b0_0;
    %load/vec4 v00000196033253d0_0;
    %load/vec4 v0000019603325dd0_0;
    %cmp/u;
    %flag_get/vec4 5;
    %and;
    %flag_set/vec4 8;
    %jmp/0xz  T_10.8, 8;
    %load/vec4 v0000019603325dd0_0;
    %load/vec4 v00000196033253d0_0;
    %sub;
    %assign/vec4 v0000019603325dd0_0, 0;
    %pushi/vec4 0, 0, 1;
    %assign/vec4 v0000019603324f70_0, 0;
    %jmp T_10.9;
T_10.8 ;
    %load/vec4 v00000196033241b0_0;
    %flag_set/vec4 8;
    %jmp/0xz  T_10.10, 8;
    %pushi/vec4 0, 0, 32;
    %assign/vec4 v0000019603325dd0_0, 0;
    %pushi/vec4 0, 0, 1;
    %assign/vec4 v0000019603324f70_0, 0;
    %jmp T_10.11;
T_10.10 ;
    %pushi/vec4 0, 0, 1;
    %assign/vec4 v0000019603324f70_0, 0;
T_10.11 ;
T_10.9 ;
T_10.5 ;
T_10.3 ;
T_10.1 ;
    %jmp T_10;
    .thread T_10;
    .scope S_00000196032c3b80;
T_11 ;
    %wait E_00000196032b87a0;
    %load/vec4 v0000019603327d40_0;
    %flag_set/vec4 8;
    %jmp/0xz  T_11.0, 8;
    %pushi/vec4 0, 0, 32;
    %assign/vec4 v0000019603327fc0_0, 0;
    %jmp T_11.1;
T_11.0 ;
    %load/vec4 v0000019603326b20_0;
    %flag_set/vec4 8;
    %jmp/0xz  T_11.2, 8;
    %pushi/vec4 0, 0, 32;
    %assign/vec4 v0000019603327fc0_0, 0;
    %jmp T_11.3;
T_11.2 ;
    %load/vec4 v0000019603327fc0_0;
    %addi 1, 0, 32;
    %assign/vec4 v0000019603327fc0_0, 0;
T_11.3 ;
T_11.1 ;
    %jmp T_11;
    .thread T_11;
    .scope S_00000196032c3b80;
T_12 ;
    %wait E_00000196032b87a0;
    %load/vec4 v0000019603327d40_0;
    %flag_set/vec4 8;
    %jmp/0xz  T_12.0, 8;
    %pushi/vec4 0, 0, 1;
    %assign/vec4 v0000019603327f20_0, 0;
    %pushi/vec4 0, 0, 1;
    %assign/vec4 v0000019603326800_0, 0;
    %pushi/vec4 0, 0, 4;
    %assign/vec4 v00000196033268a0_0, 0;
    %pushi/vec4 0, 0, 16;
    %assign/vec4 v0000019603326580_0, 0;
    %pushi/vec4 0, 0, 16;
    %assign/vec4 v0000019603327980_0, 0;
    %jmp T_12.1;
T_12.0 ;
    %load/vec4 v0000019603327f20_0;
    %dup/vec4;
    %pushi/vec4 0, 0, 1;
    %cmp/u;
    %jmp/1 T_12.2, 6;
    %dup/vec4;
    %pushi/vec4 1, 0, 1;
    %cmp/u;
    %jmp/1 T_12.3, 6;
    %jmp T_12.4;
T_12.2 ;
    %pushi/vec4 0, 0, 1;
    %assign/vec4 v0000019603326800_0, 0;
    %load/vec4 v00000196033275c0_0;
    %cmpi/e 0, 0, 1;
    %jmp/0xz  T_12.5, 4;
    %pushi/vec4 1, 0, 1;
    %assign/vec4 v0000019603327f20_0, 0;
T_12.5 ;
    %jmp T_12.4;
T_12.3 ;
    %load/vec4 v0000019603326580_0;
    %parti/s 15, 0, 2;
    %load/vec4 v00000196033275c0_0;
    %concat/vec4; draw_concat_vec4
    %assign/vec4 v0000019603326580_0, 0;
    %load/vec4 v00000196033268a0_0;
    %pad/u 32;
    %cmpi/e 15, 0, 32;
    %jmp/0xz  T_12.7, 4;
    %pushi/vec4 0, 0, 1;
    %assign/vec4 v0000019603327f20_0, 0;
    %pushi/vec4 0, 0, 4;
    %assign/vec4 v00000196033268a0_0, 0;
    %load/vec4 v0000019603327520_0;
    %cmpi/u 5, 0, 16;
    %flag_or 5, 4; GT is !LE
    %flag_inv 5;
    %jmp/0xz  T_12.9, 5;
    %pushi/vec4 1, 0, 1;
    %assign/vec4 v0000019603326800_0, 0;
    %load/vec4 v0000019603326580_0;
    %assign/vec4 v0000019603327980_0, 0;
    %jmp T_12.10;
T_12.9 ;
    %pushi/vec4 0, 0, 1;
    %assign/vec4 v0000019603326800_0, 0;
T_12.10 ;
    %jmp T_12.8;
T_12.7 ;
    %load/vec4 v00000196033268a0_0;
    %addi 1, 0, 4;
    %assign/vec4 v00000196033268a0_0, 0;
    %pushi/vec4 0, 0, 1;
    %assign/vec4 v0000019603326800_0, 0;
T_12.8 ;
    %jmp T_12.4;
T_12.4 ;
    %pop/vec4 1;
T_12.1 ;
    %jmp T_12;
    .thread T_12;
    .scope S_00000196032c3b80;
T_13 ;
    %wait E_00000196032b8120;
    %load/vec4 v0000019603326620_0;
    %parti/s 1, 7, 4;
    %flag_set/vec4 8;
    %jmp/0xz  T_13.0, 8;
    %pushi/vec4 7, 0, 3;
    %store/vec4 v00000196033266c0_0, 0, 3;
    %jmp T_13.1;
T_13.0 ;
    %load/vec4 v0000019603326620_0;
    %parti/s 1, 6, 4;
    %flag_set/vec4 8;
    %jmp/0xz  T_13.2, 8;
    %pushi/vec4 6, 0, 3;
    %store/vec4 v00000196033266c0_0, 0, 3;
    %jmp T_13.3;
T_13.2 ;
    %load/vec4 v0000019603326620_0;
    %parti/s 1, 5, 4;
    %flag_set/vec4 8;
    %jmp/0xz  T_13.4, 8;
    %pushi/vec4 5, 0, 3;
    %store/vec4 v00000196033266c0_0, 0, 3;
    %jmp T_13.5;
T_13.4 ;
    %load/vec4 v0000019603326620_0;
    %parti/s 1, 4, 4;
    %flag_set/vec4 8;
    %jmp/0xz  T_13.6, 8;
    %pushi/vec4 4, 0, 3;
    %store/vec4 v00000196033266c0_0, 0, 3;
    %jmp T_13.7;
T_13.6 ;
    %load/vec4 v0000019603326620_0;
    %parti/s 1, 3, 3;
    %flag_set/vec4 8;
    %jmp/0xz  T_13.8, 8;
    %pushi/vec4 3, 0, 3;
    %store/vec4 v00000196033266c0_0, 0, 3;
    %jmp T_13.9;
T_13.8 ;
    %load/vec4 v0000019603326620_0;
    %parti/s 1, 2, 3;
    %flag_set/vec4 8;
    %jmp/0xz  T_13.10, 8;
    %pushi/vec4 2, 0, 3;
    %store/vec4 v00000196033266c0_0, 0, 3;
    %jmp T_13.11;
T_13.10 ;
    %load/vec4 v0000019603326620_0;
    %parti/s 1, 1, 2;
    %flag_set/vec4 8;
    %jmp/0xz  T_13.12, 8;
    %pushi/vec4 1, 0, 3;
    %store/vec4 v00000196033266c0_0, 0, 3;
    %jmp T_13.13;
T_13.12 ;
    %load/vec4 v0000019603326620_0;
    %parti/s 1, 0, 2;
    %flag_set/vec4 8;
    %jmp/0xz  T_13.14, 8;
    %pushi/vec4 0, 0, 3;
    %store/vec4 v00000196033266c0_0, 0, 3;
    %jmp T_13.15;
T_13.14 ;
    %pushi/vec4 0, 0, 3;
    %store/vec4 v00000196033266c0_0, 0, 3;
T_13.15 ;
T_13.13 ;
T_13.11 ;
T_13.9 ;
T_13.7 ;
T_13.5 ;
T_13.3 ;
T_13.1 ;
    %jmp T_13;
    .thread T_13, $push;
    .scope S_00000196032c3b80;
T_14 ;
    %wait E_00000196032b87a0;
    %load/vec4 v0000019603327d40_0;
    %flag_set/vec4 8;
    %jmp/0xz  T_14.0, 8;
    %pushi/vec4 0, 0, 8;
    %assign/vec4 v0000019603326620_0, 0;
    %pushi/vec4 0, 0, 3;
    %assign/vec4 v0000019603327340_0, 0;
    %jmp T_14.1;
T_14.0 ;
    %load/vec4 v00000196033278e0_0;
    %or/r;
    %flag_set/vec4 8;
    %jmp/0xz  T_14.2, 8;
    %load/vec4 v0000019603326620_0;
    %load/vec4 v00000196033278e0_0;
    %or;
    %assign/vec4 v0000019603326620_0, 0;
    %pushi/vec4 1, 0, 3;
    %assign/vec4 v0000019603327340_0, 0;
    %jmp T_14.3;
T_14.2 ;
    %load/vec4 v0000019603326940_0;
    %load/vec4 v0000019603327660_0;
    %nor/r;
    %and;
    %load/vec4 v0000019603327840_0;
    %parti/s 8, 0, 2;
    %pushi/vec4 52, 0, 8;
    %cmp/e;
    %flag_get/vec4 4;
    %and;
    %flag_set/vec4 8;
    %jmp/0xz  T_14.4, 8;
    %pushi/vec4 0, 0, 8;
    %assign/vec4 v0000019603326620_0, 0;
    %pushi/vec4 0, 0, 3;
    %assign/vec4 v0000019603327340_0, 0;
T_14.4 ;
T_14.3 ;
T_14.1 ;
    %jmp T_14;
    .thread T_14;
    .scope S_00000196032c3b80;
T_15 ;
    %wait E_00000196032b87a0;
    %load/vec4 v0000019603327d40_0;
    %flag_set/vec4 8;
    %jmp/0xz  T_15.0, 8;
    %pushi/vec4 0, 0, 1;
    %assign/vec4 v0000019603327b60_0, 0;
    %pushi/vec4 0, 0, 32;
    %assign/vec4 v0000019603327ac0_0, 0;
    %pushi/vec4 5000, 0, 32;
    %assign/vec4 v0000019603326300_0, 0;
    %pushi/vec4 1, 0, 32;
    %assign/vec4 v0000019603327a20_0, 0;
    %pushi/vec4 255, 0, 8;
    %assign/vec4 v0000019603327c00_0, 0;
    %pushi/vec4 100000, 0, 32;
    %assign/vec4 v0000019603326760_0, 0;
    %pushi/vec4 0, 0, 32;
    %store/vec4 v00000196033273e0_0, 0, 32;
T_15.2 ;
    %load/vec4 v00000196033273e0_0;
    %cmpi/s 8, 0, 32;
    %jmp/0xz T_15.3, 5;
    %pushi/vec4 0, 0, 32;
    %ix/getv/s 3, v00000196033273e0_0;
    %ix/load 4, 0, 0; Constant delay
    %assign/vec4/a/d v0000019603326a80, 0, 4;
    %load/vec4 v00000196033273e0_0;
    %addi 1, 0, 32;
    %store/vec4 v00000196033273e0_0, 0, 32;
    %jmp T_15.2;
T_15.3 ;
    %jmp T_15.1;
T_15.0 ;
    %pushi/vec4 0, 0, 1;
    %assign/vec4 v0000019603327b60_0, 0;
    %load/vec4 v0000019603326940_0;
    %load/vec4 v0000019603327b60_0;
    %nor/r;
    %and;
    %flag_set/vec4 8;
    %jmp/0xz  T_15.4, 8;
    %pushi/vec4 1, 0, 1;
    %assign/vec4 v0000019603327b60_0, 0;
    %load/vec4 v0000019603327660_0;
    %flag_set/vec4 8;
    %jmp/0xz  T_15.6, 8;
    %load/vec4 v0000019603327840_0;
    %parti/s 8, 0, 2;
    %dup/vec4;
    %pushi/vec4 0, 0, 8;
    %cmp/u;
    %jmp/1 T_15.8, 6;
    %dup/vec4;
    %pushi/vec4 4, 0, 8;
    %cmp/u;
    %jmp/1 T_15.9, 6;
    %dup/vec4;
    %pushi/vec4 8, 0, 8;
    %cmp/u;
    %jmp/1 T_15.10, 6;
    %dup/vec4;
    %pushi/vec4 12, 0, 8;
    %cmp/u;
    %jmp/1 T_15.11, 6;
    %dup/vec4;
    %pushi/vec4 16, 0, 8;
    %cmp/u;
    %jmp/1 T_15.12, 6;
    %dup/vec4;
    %pushi/vec4 20, 0, 8;
    %cmp/u;
    %jmp/1 T_15.13, 6;
    %dup/vec4;
    %pushi/vec4 24, 0, 8;
    %cmp/u;
    %jmp/1 T_15.14, 6;
    %dup/vec4;
    %pushi/vec4 28, 0, 8;
    %cmp/u;
    %jmp/1 T_15.15, 6;
    %dup/vec4;
    %pushi/vec4 32, 0, 8;
    %cmp/u;
    %jmp/1 T_15.16, 6;
    %dup/vec4;
    %pushi/vec4 36, 0, 8;
    %cmp/u;
    %jmp/1 T_15.17, 6;
    %dup/vec4;
    %pushi/vec4 40, 0, 8;
    %cmp/u;
    %jmp/1 T_15.18, 6;
    %dup/vec4;
    %pushi/vec4 44, 0, 8;
    %cmp/u;
    %jmp/1 T_15.19, 6;
    %jmp T_15.21;
T_15.8 ;
    %load/vec4 v0000019603326ee0_0;
    %assign/vec4 v0000019603326300_0, 0;
    %jmp T_15.21;
T_15.9 ;
    %load/vec4 v0000019603326ee0_0;
    %assign/vec4 v0000019603327a20_0, 0;
    %jmp T_15.21;
T_15.10 ;
    %load/vec4 v0000019603326ee0_0;
    %parti/s 8, 0, 2;
    %assign/vec4 v0000019603327c00_0, 0;
    %jmp T_15.21;
T_15.11 ;
    %load/vec4 v0000019603326ee0_0;
    %assign/vec4 v0000019603326760_0, 0;
    %jmp T_15.21;
T_15.12 ;
    %load/vec4 v0000019603326ee0_0;
    %ix/load 3, 0, 0;
    %flag_set/imm 4, 0;
    %ix/load 4, 0, 0; Constant delay
    %assign/vec4/a/d v0000019603326a80, 0, 4;
    %jmp T_15.21;
T_15.13 ;
    %load/vec4 v0000019603326ee0_0;
    %ix/load 3, 1, 0;
    %flag_set/imm 4, 0;
    %ix/load 4, 0, 0; Constant delay
    %assign/vec4/a/d v0000019603326a80, 0, 4;
    %jmp T_15.21;
T_15.14 ;
    %load/vec4 v0000019603326ee0_0;
    %ix/load 3, 2, 0;
    %flag_set/imm 4, 0;
    %ix/load 4, 0, 0; Constant delay
    %assign/vec4/a/d v0000019603326a80, 0, 4;
    %jmp T_15.21;
T_15.15 ;
    %load/vec4 v0000019603326ee0_0;
    %ix/load 3, 3, 0;
    %flag_set/imm 4, 0;
    %ix/load 4, 0, 0; Constant delay
    %assign/vec4/a/d v0000019603326a80, 0, 4;
    %jmp T_15.21;
T_15.16 ;
    %load/vec4 v0000019603326ee0_0;
    %ix/load 3, 4, 0;
    %flag_set/imm 4, 0;
    %ix/load 4, 0, 0; Constant delay
    %assign/vec4/a/d v0000019603326a80, 0, 4;
    %jmp T_15.21;
T_15.17 ;
    %load/vec4 v0000019603326ee0_0;
    %ix/load 3, 5, 0;
    %flag_set/imm 4, 0;
    %ix/load 4, 0, 0; Constant delay
    %assign/vec4/a/d v0000019603326a80, 0, 4;
    %jmp T_15.21;
T_15.18 ;
    %load/vec4 v0000019603326ee0_0;
    %ix/load 3, 6, 0;
    %flag_set/imm 4, 0;
    %ix/load 4, 0, 0; Constant delay
    %assign/vec4/a/d v0000019603326a80, 0, 4;
    %jmp T_15.21;
T_15.19 ;
    %load/vec4 v0000019603326ee0_0;
    %ix/load 3, 7, 0;
    %flag_set/imm 4, 0;
    %ix/load 4, 0, 0; Constant delay
    %assign/vec4/a/d v0000019603326a80, 0, 4;
    %jmp T_15.21;
T_15.21 ;
    %pop/vec4 1;
    %jmp T_15.7;
T_15.6 ;
    %load/vec4 v0000019603327840_0;
    %parti/s 8, 0, 2;
    %dup/vec4;
    %pushi/vec4 48, 0, 8;
    %cmp/u;
    %jmp/1 T_15.22, 6;
    %dup/vec4;
    %pushi/vec4 52, 0, 8;
    %cmp/u;
    %jmp/1 T_15.23, 6;
    %pushi/vec4 0, 0, 32;
    %assign/vec4 v0000019603327ac0_0, 0;
    %jmp T_15.25;
T_15.22 ;
    %pushi/vec4 0, 0, 29;
    %load/vec4 v00000196033266c0_0;
    %concat/vec4; draw_concat_vec4
    %assign/vec4 v0000019603327ac0_0, 0;
    %jmp T_15.25;
T_15.23 ;
    %pushi/vec4 0, 0, 24;
    %load/vec4 v0000019603326620_0;
    %concat/vec4; draw_concat_vec4
    %assign/vec4 v0000019603327ac0_0, 0;
    %jmp T_15.25;
T_15.25 ;
    %pop/vec4 1;
T_15.7 ;
T_15.4 ;
T_15.1 ;
    %jmp T_15;
    .thread T_15;
    .scope S_00000196032c84b0;
T_16 ;
    %pushi/vec4 0, 0, 1;
    %store/vec4 v0000019603329200_0, 0, 1;
    %pushi/vec4 1, 0, 1;
    %store/vec4 v0000019603329520_0, 0, 1;
    %pushi/vec4 0, 0, 1;
    %store/vec4 v0000019603328bc0_0, 0, 1;
    %pushi/vec4 0, 0, 1;
    %store/vec4 v00000196033297a0_0, 0, 1;
    %pushi/vec4 0, 0, 32;
    %store/vec4 v000001960332a100_0, 0, 32;
    %pushi/vec4 0, 0, 32;
    %store/vec4 v0000019603328ee0_0, 0, 32;
    %end;
    .thread T_16;
    .scope S_00000196032c84b0;
T_17 ;
    %delay 5000, 0;
    %load/vec4 v0000019603329200_0;
    %inv;
    %store/vec4 v0000019603329200_0, 0, 1;
    %jmp T_17;
    .thread T_17;
    .scope S_00000196032c84b0;
T_18 ;
    %vpi_call 2 33 "$dumpfile", "advanced.vcd" {0 0 0};
    %vpi_call 2 33 "$dumpvars", 32'sb00000000000000000000000000000000, S_00000196032c84b0 {0 0 0};
    %delay 20000, 0;
    %pushi/vec4 0, 0, 1;
    %store/vec4 v0000019603329520_0, 0, 1;
    %vpi_call 2 38 "$display", "--- CONFIGURING SENTRY-AI ---" {0 0 0};
    %pushi/vec4 0, 0, 32;
    %store/vec4 v000001960332a1a0_0, 0, 32;
    %pushi/vec4 100, 0, 32;
    %store/vec4 v0000019603329160_0, 0, 32;
    %fork TD_tb_advanced.wb_write, S_00000196032c8e00;
    %join;
    %pushi/vec4 4, 0, 32;
    %store/vec4 v000001960332a1a0_0, 0, 32;
    %pushi/vec4 2, 0, 32;
    %store/vec4 v0000019603329160_0, 0, 32;
    %fork TD_tb_advanced.wb_write, S_00000196032c8e00;
    %join;
    %pushi/vec4 16, 0, 32;
    %store/vec4 v000001960332a1a0_0, 0, 32;
    %pushi/vec4 0, 0, 32;
    %store/vec4 v0000019603329160_0, 0, 32;
    %fork TD_tb_advanced.wb_write, S_00000196032c8e00;
    %join;
    %pushi/vec4 44, 0, 32;
    %store/vec4 v000001960332a1a0_0, 0, 32;
    %pushi/vec4 2, 0, 32;
    %store/vec4 v0000019603329160_0, 0, 32;
    %fork TD_tb_advanced.wb_write, S_00000196032c8e00;
    %join;
    %pushi/vec4 8, 0, 32;
    %store/vec4 v000001960332a1a0_0, 0, 32;
    %pushi/vec4 129, 0, 32;
    %store/vec4 v0000019603329160_0, 0, 32;
    %fork TD_tb_advanced.wb_write, S_00000196032c8e00;
    %join;
    %vpi_call 2 46 "$display", "--- INJECTING DATA (Value: 10, multiple times) ---" {0 0 0};
    %wait E_00000196032b83a0;
    %pushi/vec4 1, 0, 1;
    %force/vec4 v0000019603325830_0;
    %pushi/vec4 10, 0, 16;
    %force/vec4 v0000019603324cf0_0;
    %wait E_00000196032b83a0;
    %release/net v0000019603325830_0, 0, 1;
    %delay 30000, 0;
    %wait E_00000196032b83a0;
    %pushi/vec4 1, 0, 1;
    %force/vec4 v0000019603325830_0;
    %pushi/vec4 10, 0, 16;
    %force/vec4 v0000019603324cf0_0;
    %wait E_00000196032b83a0;
    %release/net v0000019603325830_0, 0, 1;
    %delay 30000, 0;
    %wait E_00000196032b83a0;
    %pushi/vec4 1, 0, 1;
    %force/vec4 v0000019603325830_0;
    %pushi/vec4 10, 0, 16;
    %force/vec4 v0000019603324cf0_0;
    %wait E_00000196032b83a0;
    %release/net v0000019603325830_0, 0, 1;
    %delay 100000, 0;
    %wait E_00000196032b83a0;
    %load/vec4 v00000196033293e0_0;
    %parti/s 1, 0, 2;
    %flag_set/vec4 8;
    %jmp/0xz  T_18.0, 8;
    %vpi_call 2 74 "$display", "\342\234\205 PASS: Interrupt Fired!" {0 0 0};
    %load/vec4 v00000196033266c0_0;
    %cmpi/e 7, 0, 3;
    %jmp/0xz  T_18.2, 4;
    %vpi_call 2 77 "$display", "\342\234\205 PASS: WTA Classified Anomaly Type 7!" {0 0 0};
    %jmp T_18.3;
T_18.2 ;
    %vpi_call 2 79 "$display", "\342\235\214 FAIL: Wrong classification." {0 0 0};
T_18.3 ;
    %jmp T_18.1;
T_18.0 ;
    %vpi_call 2 81 "$display", "\342\235\214 FAIL: No Spike detected." {0 0 0};
T_18.1 ;
    %delay 20000, 0;
    %vpi_call 2 84 "$finish" {0 0 0};
    %end;
    .thread T_18;
# The file index is used to find the file name in the following table.
:file_names 4;
    "N/A";
    "<interactive>";
    "tb_advanced.v";
    "user_proj_example.v";
